//<auto-generated />

using System.Threading.Tasks;
using Refit;

namespace Test.Name.Space
{
    public interface IVersionApi
    {
        [Headers("Api-Version: 2.0")]
        [Get("/api/Version")]
        Task Get();

        [Headers("Api-Version: 3.0")]
        [Get("/api/Version")]
        Task Get3();

        [Headers("Api-Version: 4.0")]
        [Get("/api/Version")]
        Task Get4();
    }
}