//<auto-generated />

using System.Collections.Generic;
using System.Threading.Tasks;
using Refit;
using TestWebApi.Models;

namespace Test.Name.Space
{
    public partial interface IWeatherForecastApi
    {
        [Get("/WeatherForecast")]
        Task<IApiResponse<IEnumerable<WeatherForecast>>> Get();

        [Post("/WeatherForecast/create")]
        Task<IApiResponse> Post([Body] WeatherForecast weatherForecast);
    }
}