//<auto-generated />

using System;
using System.Threading.Tasks;
using Refit;

namespace Test.Name.Space
{
    public interface IAnotherTestApi
    {
        [Get("/AnotherTest/with-query-model")]
        Task WithQueryModel(string param1 = null, Guid? param2 = null, int? param3 = null);
    }
}