//<auto-generated />

using System;
using System.Collections.Generic;
using System.Threading.Tasks;
using Refit;
using TestWebApi;

namespace Test.Name.Space
{
    public interface IWeatherForecastApi
    {
        [Get("/WeatherForecast")]
        Task<IEnumerable<WeatherForecast>> Get();

        [Get("/WeatherForecast/{id}")]
        Task<WeatherForecast> Get(Guid id);

        [Post("/WeatherForecast/create")]
        Task<WeatherForecast> Post([Body] WeatherForecast weatherForecast);

        [Multipart]
        [Post("/WeatherForecast/upload")]
        Task Upload(MultipartItem uploadedFile);

        [Post("/WeatherForecast/search")]
        Task<WeatherForecast> Search(string name = "test");

        [Post("/WeatherForecast/{id}/queryParams")]
        Task<WeatherForecast> SomethingWithQueryParams(int id, string par1 = null, string par2 = "1");
    }
}