//<auto-generated />

using System.Threading.Tasks;
using Refit;
using TestWebApi.Models;

namespace Test.Name.Space
{
    public partial interface ITestWebApiMinimalApiNet80Api
    {
        [Post("/weather-forecast")]
        Task PostWeatherForecast([Body] WeatherForecast forecast);
    }
}