//<auto-generated />

using System.Threading.Tasks;
using Refit;
using TestWebApi.Models;

namespace Test.Name.Space
{
    public partial interface IWeatherForecastApi
    {
        [Get("/weather-forecast")]
        Task<WeatherForecastRecord[]> GetWeatherForecast();

        [Get("/weather-forecast/with-name")]
        Task<WeatherForecastRecord> GetSomeWeather(int days);
    }
}